{"timestamp": "2026-09-14T23:39:13", "user_message": "i want to register", "intent": "faq", "conversation_step": "idle", "bot_response": "You can register by saying 'I want to register'. I will guide you through the registration process."}
{"timestamp": "2026-09-14T23:39:20", "user_message": "my name is Ziya", "intent": "unknown", "conversation_step": "idle", "bot_response": "Sorry, I didn't understand that.\nYou can ask me about the internship, ask for help, or say 'I want to register'."}
{"timestamp": "2026-09-14T23:39:52", "user_message": "I want to register", "intent": "faq", "conversation_step": "idle", "bot_response": "You can register by saying 'I want to register'. I will guide you through the registration process."}
{"timestamp": "2026-09-14T23:40:05", "user_message": "I want to register", "intent": "faq", "conversation_step": "idle", "bot_response": "You can register by saying 'I want to register'. I will guide you through the registration process."}
{"timestamp": "2026-09-14T23:40:16", "user_message": "You: I want to register", "intent": "faq", "conversation_step": "idle", "bot_response": "You can register by saying 'I want to register'. I will guide you through the registration process."}
{"timestamp": "2026-09-14T23:40:47", "user_message": "i want to register", "intent": "faq", "conversation_step": "idle", "bot_response": "You can register by saying 'I want to register'. I will guide you through the registration process."}
{"timestamp": "2026-09-14T23:43:34", "user_message": "i want to register", "intent": "register", "conversation_step": "name", "bot_response": "Sure! I can help you with internship registration.\nWhat is your name?"}
{"timestamp": "2026-09-14T23:43:40", "user_message": "my name is Ziya", "intent": "registration", "conversation_step": "name", "bot_response": "Nice to meet you, Ziya! What is your email address?"}
{"timestamp": "2026-09-14T23:43:47", "user_message": "Ziya@gmail.com", "intent": "registration", "conversation_step": "email", "bot_response": "Thank you! What is your field of study?\nFor example: CSE, Data Science, AI, ECE, or Mechanical."}
{"timestamp": "2026-09-14T23:43:50", "user_message": "CSE", "intent": "registration", "conversation_step": "field", "bot_response": "\nRegistration Summary:\n---------------------\nName  : Ziya\nEmail : ziya@gmail.com\nField : computer science\n---------------------\nAre these details correct? (yes/no)"}
{"timestamp": "2026-09-14T23:43:53", "user_message": "yes", "intent": "registration", "conversation_step": "confirmation", "bot_response": "\nPerfect! Your registration has been successfully completed. 🎉\n\nThank you for registering for the internship!"}
{"timestamp": "2026-09-14T23:46:00", "user_message": "I want to register", "intent": "register", "conversation_step": "name", "bot_response": "Sure! I can help you with internship registration.\nWhat is your name?"}
{"timestamp": "2026-09-14T23:46:00", "user_message": "I want to register", "intent": "register", "conversation_step": "name", "bot_response": "Sure! I can help you with internship registration.\nWhat is your name?"}
{"timestamp": "2026-09-14T23:46:00", "user_message": "My name is Test Student", "intent": "registration", "conversation_step": "name", "bot_response": "Nice to meet you, Test Student! What is your email address?"}
{"timestamp": "2026-09-14T23:46:00", "user_message": "I want to register", "intent": "register", "conversation_step": "name", "bot_response": "Sure! I can help you with internship registration.\nWhat is your name?"}
{"timestamp": "2026-09-14T23:46:00", "user_message": "My name is Test Student", "intent": "registration", "conversation_step": "name", "bot_response": "Nice to meet you, Test Student! What is your email address?"}
{"timestamp": "2026-09-14T23:46:00", "user_message": "unique_email_day5@example.com", "intent": "registration", "conversation_step": "email", "bot_response": "Thank you! What is your field of study?\nFor example: CSE, Data Science, AI, ECE, or Mechanical."}
{"timestamp": "2026-09-14T23:46:00", "user_message": "I want to register", "intent": "register", "conversation_step": "name", "bot_response": "Sure! I can help you with internship registration.\nWhat is your name?"}
{"timestamp": "2026-09-14T23:46:00", "user_message": "My name is Test Student", "intent": "registration", "conversation_step": "name", "bot_response": "Nice to meet you, Test Student! What is your email address?"}
{"timestamp": "2026-09-14T23:46:00", "user_message": "field_test_day5@example.com", "intent": "registration", "conversation_step": "email", "bot_response": "Thank you! What is your field of study?\nFor example: CSE, Data Science, AI, ECE, or Mechanical."}
{"timestamp": "2026-09-14T23:46:00", "user_message": "CSE", "intent": "registration", "conversation_step": "field", "bot_response": "\nRegistration Summary:\n---------------------\nName  : Test Student\nEmail : field_test_day5@example.com\nField : computer science\n---------------------\nAre these details correct? (yes/no)"}
{"timestamp": "2026-09-14T23:46:00", "user_message": "I want to register", "intent": "register", "conversation_step": "name", "bot_response": "Sure! I can help you with internship registration.\nWhat is your name?"}
{"timestamp": "2026-09-14T23:46:00", "user_message": "My name is Successful Student", "intent": "registration", "conversation_step": "name", "bot_response": "Nice to meet you, Successful Student! What is your email address?"}
{"timestamp": "2026-09-14T23:46:00", "user_message": "successful_day5@example.com", "intent": "registration", "conversation_step": "email", "bot_response": "This email address is already registered. Please provide a different email address."}
{"timestamp": "2026-09-14T23:46:00", "user_message": "CSE", "intent": "registration", "conversation_step": "email", "bot_response": "I couldn't identify a valid email address. Please use a format such as siraj@example.com."}
{"timestamp": "2026-09-14T23:46:00", "user_message": "yes", "intent": "registration", "conversation_step": "email", "bot_response": "I couldn't identify a valid email address. Please use a format such as siraj@example.com."}
{"timestamp": "2026-09-14T23:48:12", "user_message": "I want to register", "intent": "register", "conversation_step": "name", "bot_response": "Sure! I can help you with internship registration.\nWhat is your name?"}
{"timestamp": "2026-09-14T23:48:12", "user_message": "I want to register", "intent": "register", "conversation_step": "name", "bot_response": "Sure! I can help you with internship registration.\nWhat is your name?"}
{"timestamp": "2026-09-14T23:48:12", "user_message": "My name is Test Student", "intent": "registration", "conversation_step": "name", "bot_response": "Nice to meet you, Test Student! What is your email address?"}
{"timestamp": "2026-09-14T23:48:12", "user_message": "I want to register", "intent": "register", "conversation_step": "name", "bot_response": "Sure! I can help you with internship registration.\nWhat is your name?"}
{"timestamp": "2026-09-14T23:48:12", "user_message": "My name is Test Student", "intent": "registration", "conversation_step": "name", "bot_response": "Nice to meet you, Test Student! What is your email address?"}
{"timestamp": "2026-09-14T23:48:12", "user_message": "unique_email_day5@example.com", "intent": "registration", "conversation_step": "email", "bot_response": "Thank you! What is your field of study?\nFor example: CSE, Data Science, AI, ECE, or Mechanical."}
{"timestamp": "2026-09-14T23:48:12", "user_message": "I want to register", "intent": "register", "conversation_step": "name", "bot_response": "Sure! I can help you with internship registration.\nWhat is your name?"}
{"timestamp": "2026-09-14T23:48:12", "user_message": "My name is Test Student", "intent": "registration", "conversation_step": "name", "bot_response": "Nice to meet you, Test Student! What is your email address?"}
{"timestamp": "2026-09-14T23:48:12", "user_message": "field_test_day5@example.com", "intent": "registration", "conversation_step": "email", "bot_response": "Thank you! What is your field of study?\nFor example: CSE, Data Science, AI, ECE, or Mechanical."}
{"timestamp": "2026-09-14T23:48:12", "user_message": "CSE", "intent": "registration", "conversation_step": "field", "bot_response": "\nRegistration Summary:\n---------------------\nName  : Test Student\nEmail : field_test_day5@example.com\nField : computer science\n---------------------\nAre these details correct? (yes/no)"}
{"timestamp": "2026-09-14T23:48:12", "user_message": "I want to register", "intent": "register", "conversation_step": "name", "bot_response": "Sure! I can help you with internship registration.\nWhat is your name?"}
{"timestamp": "2026-09-14T23:48:12", "user_message": "My name is Successful Student", "intent": "registration", "conversation_step": "name", "bot_response": "Nice to meet you, Successful Student! What is your email address?"}
{"timestamp": "2026-09-14T23:48:12", "user_message": "successful_f976bbb7@example.com", "intent": "registration", "conversation_step": "email", "bot_response": "Thank you! What is your field of study?\nFor example: CSE, Data Science, AI, ECE, or Mechanical."}
{"timestamp": "2026-09-14T23:48:12", "user_message": "CSE", "intent": "registration", "conversation_step": "field", "bot_response": "\nRegistration Summary:\n---------------------\nName  : Successful Student\nEmail : successful_f976bbb7@example.com\nField : computer science\n---------------------\nAre these details correct? (yes/no)"}
{"timestamp": "2026-09-14T23:48:12", "user_message": "yes", "intent": "registration", "conversation_step": "confirmation", "bot_response": "\nPerfect! Your registration has been successfully completed. 🎉\n\nThank you for registering for the internship!"}
{"timestamp": "2026-09-14T23:48:12", "user_message": "I want to register", "intent": "register", "conversation_step": "name", "bot_response": "Sure! I can help you with internship registration.\nWhat is your name?"}
{"timestamp": "2026-09-14T23:48:12", "user_message": "My name is Email Student", "intent": "registration", "conversation_step": "name", "bot_response": "Nice to meet you, Email Student! What is your email address?"}
{"timestamp": "2026-09-14T23:48:12", "user_message": "invalid-email", "intent": "registration", "conversation_step": "email", "bot_response": "Please provide a valid email address."}
{"timestamp": "2026-09-14T23:48:12", "user_message": "I want to register", "intent": "register", "conversation_step": "name", "bot_response": "Sure! I can help you with internship registration.\nWhat is your name?"}
{"timestamp": "2026-09-14T23:48:12", "user_message": "My name is Field Student", "intent": "registration", "conversation_step": "name", "bot_response": "Nice to meet you, Field Student! What is your email address?"}
{"timestamp": "2026-09-14T23:48:12", "user_message": "field_student@example.com", "intent": "registration", "conversation_step": "email", "bot_response": "Thank you! What is your field of study?\nFor example: CSE, Data Science, AI, ECE, or Mechanical."}
{"timestamp": "2026-09-14T23:48:12", "user_message": "Rocket Science", "intent": "registration", "conversation_step": "field", "bot_response": "Please provide your field of study."}
{"timestamp": "2026-09-14T23:48:12", "user_message": "I want to register", "intent": "register", "conversation_step": "name", "bot_response": "Sure! I can help you with internship registration.\nWhat is your name?"}
{"timestamp": "2026-09-14T23:48:12", "user_message": "My name is First Student", "intent": "registration", "conversation_step": "name", "bot_response": "Nice to meet you, First Student! What is your email address?"}
{"timestamp": "2026-09-14T23:48:12", "user_message": "duplicate_test_day5@example.com", "intent": "registration", "conversation_step": "email", "bot_response": "This email address is already registered. Please provide a different email address."}
{"timestamp": "2026-09-14T23:48:12", "user_message": "CSE", "intent": "registration", "conversation_step": "email", "bot_response": "I couldn't identify a valid email address. Please use a format such as siraj@example.com."}
{"timestamp": "2026-09-14T23:48:12", "user_message": "yes", "intent": "registration", "conversation_step": "email", "bot_response": "I couldn't identify a valid email address. Please use a format such as siraj@example.com."}
{"timestamp": "2026-09-14T23:50:45", "user_message": "I want to register", "intent": "register", "conversation_step": "name", "bot_response": "Sure! I can help you with internship registration.\nWhat is your name?"}
{"timestamp": "2026-09-14T23:50:45", "user_message": "I want to register", "intent": "register", "conversation_step": "name", "bot_response": "Sure! I can help you with internship registration.\nWhat is your name?"}
{"timestamp": "2026-09-14T23:50:45", "user_message": "My name is Test Student", "intent": "registration", "conversation_step": "name", "bot_response": "Nice to meet you, Test Student! What is your email address?"}
{"timestamp": "2026-09-14T23:50:45", "user_message": "I want to register", "intent": "register", "conversation_step": "name", "bot_response": "Sure! I can help you with internship registration.\nWhat is your name?"}
{"timestamp": "2026-09-14T23:50:45", "user_message": "My name is Test Student", "intent": "registration", "conversation_step": "name", "bot_response": "Nice to meet you, Test Student! What is your email address?"}
{"timestamp": "2026-09-14T23:50:45", "user_message": "unique_email_day5@example.com", "intent": "registration", "conversation_step": "email", "bot_response": "Thank you! What is your field of study?\nFor example: CSE, Data Science, AI, ECE, or Mechanical."}
{"timestamp": "2026-09-14T23:50:45", "user_message": "I want to register", "intent": "register", "conversation_step": "name", "bot_response": "Sure! I can help you with internship registration.\nWhat is your name?"}
{"timestamp": "2026-09-14T23:50:45", "user_message": "My name is Test Student", "intent": "registration", "conversation_step": "name", "bot_response": "Nice to meet you, Test Student! What is your email address?"}
{"timestamp": "2026-09-14T23:50:45", "user_message": "field_test_day5@example.com", "intent": "registration", "conversation_step": "email", "bot_response": "Thank you! What is your field of study?\nFor example: CSE, Data Science, AI, ECE, or Mechanical."}
{"timestamp": "2026-09-14T23:50:45", "user_message": "CSE", "intent": "registration", "conversation_step": "field", "bot_response": "\nRegistration Summary:\n---------------------\nName  : Test Student\nEmail : field_test_day5@example.com\nField : computer science\n---------------------\nAre these details correct? (yes/no)"}
{"timestamp": "2026-09-14T23:50:45", "user_message": "I want to register", "intent": "register", "conversation_step": "name", "bot_response": "Sure! I can help you with internship registration.\nWhat is your name?"}
{"timestamp": "2026-09-14T23:50:45", "user_message": "My name is Successful Student", "intent": "registration", "conversation_step": "name", "bot_response": "Nice to meet you, Successful Student! What is your email address?"}
{"timestamp": "2026-09-14T23:50:45", "user_message": "successful_de7881e9@example.com", "intent": "registration", "conversation_step": "email", "bot_response": "Thank you! What is your field of study?\nFor example: CSE, Data Science, AI, ECE, or Mechanical."}
{"timestamp": "2026-09-14T23:50:45", "user_message": "CSE", "intent": "registration", "conversation_step": "field", "bot_response": "\nRegistration Summary:\n---------------------\nName  : Successful Student\nEmail : successful_de7881e9@example.com\nField : computer science\n---------------------\nAre these details correct? (yes/no)"}
{"timestamp": "2026-09-14T23:50:45", "user_message": "yes", "intent": "registration", "conversation_step": "confirmation", "bot_response": "\nPerfect! Your registration has been successfully completed. 🎉\n\nThank you for registering for the internship!"}
{"timestamp": "2026-09-14T23:50:45", "user_message": "I want to register", "intent": "register", "conversation_step": "name", "bot_response": "Sure! I can help you with internship registration.\nWhat is your name?"}
{"timestamp": "2026-09-14T23:50:45", "user_message": "My name is Email Student", "intent": "registration", "conversation_step": "name", "bot_response": "Nice to meet you, Email Student! What is your email address?"}
{"timestamp": "2026-09-14T23:50:45", "user_message": "invalid-email", "intent": "registration", "conversation_step": "email", "bot_response": "Please provide a valid email address."}
{"timestamp": "2026-09-14T23:50:45", "user_message": "I want to register", "intent": "register", "conversation_step": "name", "bot_response": "Sure! I can help you with internship registration.\nWhat is your name?"}
{"timestamp": "2026-09-14T23:50:45", "user_message": "My name is Field Student", "intent": "registration", "conversation_step": "name", "bot_response": "Nice to meet you, Field Student! What is your email address?"}
{"timestamp": "2026-09-14T23:50:45", "user_message": "field_student@example.com", "intent": "registration", "conversation_step": "email", "bot_response": "Thank you! What is your field of study?\nFor example: CSE, Data Science, AI, ECE, or Mechanical."}
{"timestamp": "2026-09-14T23:50:45", "user_message": "Rocket Science", "intent": "registration", "conversation_step": "field", "bot_response": "Please provide your field of study."}
{"timestamp": "2026-09-14T23:50:45", "user_message": "I want to register", "intent": "register", "conversation_step": "name", "bot_response": "Sure! I can help you with internship registration.\nWhat is your name?"}
{"timestamp": "2026-09-14T23:50:45", "user_message": "My name is First Student", "intent": "registration", "conversation_step": "name", "bot_response": "Nice to meet you, First Student! What is your email address?"}
{"timestamp": "2026-09-14T23:50:45", "user_message": "duplicate_test_day5@example.com", "intent": "registration", "conversation_step": "email", "bot_response": "This email address is already registered. Please provide a different email address."}
{"timestamp": "2026-09-14T23:50:45", "user_message": "CSE", "intent": "registration", "conversation_step": "email", "bot_response": "I couldn't identify a valid email address. Please use a format such as siraj@example.com."}
{"timestamp": "2026-09-14T23:50:45", "user_message": "yes", "intent": "registration", "conversation_step": "email", "bot_response": "I couldn't identify a valid email address. Please use a format such as siraj@example.com."}
{"timestamp": "2026-09-14T23:56:50", "user_message": "Hello", "intent": "unknown", "conversation_step": "idle", "bot_response": "Sorry, I didn't understand that.\nYou can ask me about the internship, ask for help, or say 'I want to register'."}
{"timestamp": "2026-09-14T23:58:21", "user_message": "Hello", "intent": "greeting", "conversation_step": "idle", "bot_response": "Hello! Welcome to the AI Registration Assistant. How can I help you today?"}
{"timestamp": "2026-09-14T23:58:21", "user_message": "What information is required?", "intent": "faq", "conversation_step": "idle", "bot_response": "The registration requires your name, email address, and field of study."}
{"timestamp": "2026-09-14T23:58:21", "user_message": "I want to register", "intent": "register", "conversation_step": "name", "bot_response": "Sure! I can help you with internship registration.\nWhat is your name?"}
{"timestamp": "2026-09-14T23:58:21", "user_message": "I want to register", "intent": "register", "conversation_step": "name", "bot_response": "Sure! I can help you with internship registration.\nWhat is your name?"}
{"timestamp": "2026-09-14T23:58:21", "user_message": "123456", "intent": "registration", "conversation_step": "name", "bot_response": "Please provide your name. For example: My name is Siraj."}
{"timestamp": "2026-09-14T23:58:21", "user_message": "I want to register", "intent": "register", "conversation_step": "name", "bot_response": "Sure! I can help you with internship registration.\nWhat is your name?"}
{"timestamp": "2026-09-14T23:58:21", "user_message": "My name is Final Test", "intent": "registration", "conversation_step": "name", "bot_response": "Nice to meet you, Final Test! What is your email address?"}
{"timestamp": "2026-09-14T23:58:21", "user_message": "invalid-email", "intent": "registration", "conversation_step": "email", "bot_response": "Please provide a valid email address."}
{"timestamp": "2026-09-14T23:58:21", "user_message": "I want to register", "intent": "register", "conversation_step": "name", "bot_response": "Sure! I can help you with internship registration.\nWhat is your name?"}
{"timestamp": "2026-09-14T23:58:21", "user_message": "My name is Field Final Test", "intent": "registration", "conversation_step": "name", "bot_response": "Nice to meet you, Field Final! What is your email address?"}
{"timestamp": "2026-09-14T23:58:21", "user_message": "field_final_test@example.com", "intent": "registration", "conversation_step": "email", "bot_response": "Thank you! What is your field of study?\nFor example: CSE, Data Science, AI, ECE, or Mechanical."}
{"timestamp": "2026-09-14T23:58:21", "user_message": "Astrology", "intent": "registration", "conversation_step": "field", "bot_response": "Please provide your field of study."}
{"timestamp": "2026-09-14T23:58:21", "user_message": "I want to register", "intent": "register", "conversation_step": "name", "bot_response": "Sure! I can help you with internship registration.\nWhat is your name?"}
{"timestamp": "2026-09-14T23:58:21", "user_message": "My name is Final Student", "intent": "registration", "conversation_step": "name", "bot_response": "Nice to meet you, Final Student! What is your email address?"}
{"timestamp": "2026-09-14T23:58:21", "user_message": "final_day6_unique@example.com", "intent": "registration", "conversation_step": "email", "bot_response": "Thank you! What is your field of study?\nFor example: CSE, Data Science, AI, ECE, or Mechanical."}
{"timestamp": "2026-09-14T23:58:21", "user_message": "CSE", "intent": "registration", "conversation_step": "field", "bot_response": "\nRegistration Summary:\n---------------------\nName  : Final Student\nEmail : final_day6_unique@example.com\nField : computer science\n---------------------\nAre these details correct? (yes/no)"}
{"timestamp": "2026-09-14T23:58:21", "user_message": "yes", "intent": "registration", "conversation_step": "confirmation", "bot_response": "\nPerfect! Your registration has been successfully completed. 🎉\n\nThank you for registering for the internship!"}
{"timestamp": "2026-09-14T23:58:21", "user_message": "I want to register", "intent": "register", "conversation_step": "name", "bot_response": "Sure! I can help you with internship registration.\nWhat is your name?"}
{"timestamp": "2026-09-14T23:58:21", "user_message": "My name is Correction Final", "intent": "registration", "conversation_step": "name", "bot_response": "Nice to meet you, Correction Final! What is your email address?"}
{"timestamp": "2026-09-14T23:58:21", "user_message": "correction_final@example.com", "intent": "registration", "conversation_step": "email", "bot_response": "Thank you! What is your field of study?\nFor example: CSE, Data Science, AI, ECE, or Mechanical."}
{"timestamp": "2026-09-14T23:58:21", "user_message": "CSE", "intent": "registration", "conversation_step": "field", "bot_response": "\nRegistration Summary:\n---------------------\nName  : Correction Final\nEmail : correction_final@example.com\nField : computer science\n---------------------\nAre these details correct? (yes/no)"}
{"timestamp": "2026-09-14T23:58:21", "user_message": "no", "intent": "registration", "conversation_step": "confirmation", "bot_response": "No problem. Which information would you like to correct?\n\n1. Name\n2. Email\n3. Field"}
{"timestamp": "2026-09-14T23:58:21", "user_message": "name", "intent": "registration", "conversation_step": "correction", "bot_response": "Sure. Please provide your correct name."}
{"timestamp": "2026-09-14T23:58:21", "user_message": "I like watching random movies", "intent": "unknown", "conversation_step": "idle", "bot_response": "Sorry, I didn't understand that.\nYou can ask me about the internship, ask for help, or say 'I want to register'."}
{"timestamp": "2026-09-14T23:58:21", "user_message": "I want to register", "intent": "register", "conversation_step": "name", "bot_response": "Sure! I can help you with internship registration.\nWhat is your name?"}
{"timestamp": "2026-09-14T23:58:21", "user_message": "My name is Reset Final", "intent": "registration", "conversation_step": "name", "bot_response": "Nice to meet you, Reset Final! What is your email address?"}
{"timestamp": "2026-09-14T23:58:21", "user_message": "Hello", "intent": "greeting", "conversation_step": "idle", "bot_response": "Hello! Welcome to the AI Registration Assistant. How can I help you today?"}
{"timestamp": "2026-09-14T23:58:21", "user_message": "What information is required?", "intent": "faq", "conversation_step": "idle", "bot_response": "The registration requires your name, email address, and field of study."}
{"timestamp": "2026-09-14T23:58:21", "user_message": "How can I register?", "intent": "faq", "conversation_step": "idle", "bot_response": "You can register by saying 'I want to register'. I will guide you through the registration process."}
{"timestamp": "2026-09-14T23:58:21", "user_message": "What information is required?", "intent": "faq", "conversation_step": "idle", "bot_response": "The registration requires your name, email address, and field of study."}
{"timestamp": "2026-09-14T23:58:21", "user_message": "Which fields are supported?", "intent": "faq", "conversation_step": "idle", "bot_response": "Supported fields include Computer Science, Data Science, Artificial Intelligence, ECE, EEE, Mechanical Engineering, Civil Engineering, and Information Technology."}
{"timestamp": "2026-09-14T23:58:21", "user_message": "Can I correct my information?", "intent": "faq", "conversation_step": "idle", "bot_response": "The registration requires your name, email address, and field of study."}
{"timestamp": "2026-09-14T23:58:21", "user_message": "How can I get help?", "intent": "faq", "conversation_step": "idle", "bot_response": "You can type 'help' at any time and I will explain how I can assist you."}
